<html>
<body>
<pre>
<h1>µVision Build Log</h1>
<h2>Project:</h2>
C:\Keil_v5\ARM\Device\Nordic\nrf51822\Board\nrf6310\s110\ble_app_boilerplate\arm\ble_app_template.uvprojx
Project File Date:  09/24/2014

<h2>Output:</h2>
Build target 'nrf51822_xxaa_s110 (256K)'
creating preprocessor file for main.c...
compiling main.c...
..\main.c(190): warning:  #177-D: function "leds_init" was declared but never referenced
  static void leds_init(void)
..\main.c(304): warning:  #177-D: function "pwm_init" was declared but never referenced
  static void pwm_init(void)
..\main.c: 2 warnings, 0 errors
linking...
Program Size: Code=17504 RO-data=292 RW-data=220 ZI-data=5812  
FromELF: creating hex file...
".\_build\ble_app_template.axf" - 0 Error(s), 2 Warning(s).

<h2>Software Packages used:</h2>

Package Vendor: ARM
                http://www.keil.com/pack/ARM.CMSIS.4.1.0.pack
                ARM::CMSIS:CORE:3.30.0
                CMSIS (Cortex Microcontroller Software Interface Standard)
   * Component: CORE Version: 3.30.0

Package Vendor: NordicSemiconductor
                http://www.keil.com/pack/NordicSemiconductor.nRF_DeviceFamilyPack.1.1.1.pack
                NordicSemiconductor::Device:Startup:1.0.0
                Nordic Semiconductor nRF ARM devices Device Family Pack.
   * Component: Startup Version: 1.0.0

<h2>Collection of Component include folders:</h2>
  C:\Keil_v5\ARM\Device\Nordic\nrf51822\Board\nrf6310\s110\ble_app_boilerplate\arm\RTE
  C:\Keil_v5\ARM\PACK\ARM\CMSIS\4.1.0\CMSIS\Include
  C:\Keil_v5\ARM\PACK\NordicSemiconductor\nRF_DeviceFamilyPack\1.1.1\Device\Include

<h2>Collection of Component Files used:</h2>

   * Component: ARM::CMSIS:CORE:3.30.0
      Source file:   CMSIS\UserCodeTemplates\ARM\ITM_Retarget.c

   * Component: NordicSemiconductor::Device:Startup:1.0.0
      Source file:   Device\Source\arm\arm_startup_nrf51.s
      Source file:   Device\Source\system_nrf51.c
      Include file:  Device\Include\system_nrf51.h
Load "C:\\Keil_v5\\ARM\\Device\\Nordic\\nrf51822\\Board\\nrf6310\\s110\\ble_app_boilerplate\\arm\\_build\\ble_app_template.axf" 
Set JLink Project File to "C:\Keil_v5\ARM\Device\Nordic\nrf51822\Board\nrf6310\s110\ble_app_boilerplate\arm\JLinkSettings.ini"
* JLink Info: Device "NRF51822_XXAA" selected (257 KB flash, 16 KB RAM).
 
JLink info:
------------
DLL: V4.80g, compiled Feb 13 2014 20:50:02
Firmware: J-Link OB-SAM3U128 V1 compiled Dec 11 2013 20:20:11
Hardware: V1.00
S/N : 480111509 
 
* JLink Info: Found SWD-DP with ID 0x0BB11477
* JLink Info: Found Cortex-M0 r0p0, Little endian.
* JLink Info: FPUnit: 4 code (BP) slots and 0 literal slots
ROMTableAddr = 0xE00FF003
 
Target info:
------------
Device: nRF51822_xxAA
VTarget = 3.300V
State of Pins: 
TCK: 0, TDI: 0, TDO: 1, TMS: 1, TRES: 1, TRST: 1
Hardware-Breakpoints: 4
Software-Breakpoints: 8192
Watchpoints:          2
JTAG speed: 2000 kHz
 
Erase Done.
Programming Done.
Verify OK.
Application running ...
</pre>
</body>
</html>
one.
Verify OK.
Application running ...
8192
Watchpoints:          2
JTAG speed: 2000 kHz
 
Erase Done.
Programming Done.
Verify OK.
Application running ...
